[root@84B3E8B ~]# systemctl status lxc.service
‚óè lxc.service - LXC Container Initialization and Autoboot Code
   Loaded: loaded (/usr/lib/systemd/system/lxc.service; disabled; vendor preset: disabled)
   Active: inactive (dead)
[root@84B3E8B ~]# # systemctl start lxc.service
[root@84B3E8B ~]# # systemctl start libvirtd
[root@84B3E8B ~]# # systemctl status lxc.service
[root@84B3E8B ~]# systemctl enable libvirtd
[root@84B3E8B ~]# systemctl enable lxc.service
Created symlink from /etc/systemd/system/multi-user.target.wants/lxc.service to /usr/lib/systemd/system/lxc.service.
[root@84B3E8B ~]# service libvirtd start
Redirecting to /bin/systemctl start libvirtd.service
[root@84B3E8B ~]# service lxc start
Redirecting to /bin/systemctl start lxc.service
[root@84B3E8B ~]# lxc
-bash: lxc: command not found
[root@84B3E8B ~]# lxc-checkconfig
Kernel configuration not found at /proc/config.gz; searching...
Kernel configuration found at /boot/config-3.10.0-1062.1.2.el7.x86_64
--- Namespaces ---
Namespaces: enabled
Utsname namespace: enabled
Ipc namespace: enabled
Pid namespace: enabled
User namespace: enabled
Warning: newuidmap is not setuid-root
Warning: newgidmap is not setuid-root
Network namespace: enabled
Multiple /dev/pts instances: enabled

--- Control groups ---
Cgroup: enabled
Cgroup clone_children flag: enabled
Cgroup device: enabled
Cgroup sched: enabled
Cgroup cpu account: enabled
Cgroup memory controller: enabled
Cgroup cpuset: enabled

--- Misc ---
Veth pair device: enabled
Macvlan: enabled
Vlan: enabled
Bridges: enabled
Advanced netfilter: enabled
CONFIG_NF_NAT_IPV4: enabled
CONFIG_NF_NAT_IPV6: enabled
CONFIG_IP_NF_TARGET_MASQUERADE: enabled
CONFIG_IP6_NF_TARGET_MASQUERADE: enabled
CONFIG_NETFILTER_XT_TARGET_CHECKSUM: enabled

--- Checkpoint/Restore ---
checkpoint restore: enabled
CONFIG_FHANDLE: enabled
CONFIG_EVENTFD: enabled
CONFIG_EPOLL: enabled
CONFIG_UNIX_DIAG: enabled
CONFIG_INET_DIAG: enabled
CONFIG_PACKET_DIAG: enabled
CONFIG_NETLINK_DIAG: enabled
File capabilities: enabled

Note : Before booting a new kernel, you can check its configuration
usage : CONFIG=/path/to/config /usr/bin/lxc-checkconfig
